// Jest Snapshot v1, https://goo.gl/fbAQLP

exports[`FoodForm should mock formContext and match a snapshot 1`] = `
<FoodForm
  collapseForm={[MockFunction]}
  defaultForm={
    Object {
      "AccommodationsForm": false,
      "AttractionsForm": false,
      "DrinksForm": false,
      "FoodForm": false,
      "ServicesForm": false,
      "StartForm": false,
      "SubmitTripForm": false,
    }
  }
  formObject={
    Object {
      "ArtGalleries": Array [],
      "DayCamps": Array [],
      "WalkingTours": Array [],
    }
  }
  openForm={[MockFunction]}
>
  <div
    className="form-closed__container"
    onClick={[Function]}
  >
    <img
      alt="food"
      src="food-pin.svg"
    />
    <p>
      - Food -
    </p>
  </div>
</FoodForm>
`;
